[debug] [2026-05-09T11:57:47.084Z] ----------------------------------------------------------------------
[debug] [2026-05-09T11:57:47.088Z] Command:       C:\Program Files\nodejs\node.exe C:\Users\Admin\AppData\Roaming\npm\node_modules\firebase-tools\lib\bin\firebase.js init hosting
[debug] [2026-05-09T11:57:47.088Z] CLI Version:   15.17.0
[debug] [2026-05-09T11:57:47.088Z] Platform:      win32
[debug] [2026-05-09T11:57:47.088Z] Node Version:  v24.15.0
[debug] [2026-05-09T11:57:47.089Z] Time:          Sat May 09 2026 17:27:47 GMT+0530 (India Standard Time)
[debug] [2026-05-09T11:57:47.089Z] ----------------------------------------------------------------------
[debug] 
[info] 
     ######## #### ########  ######## ########     ###     ######  ########
     ##        ##  ##     ## ##       ##     ##  ##   ##  ##       ##
     ######    ##  ########  ######   ########  #########  ######  ######
     ##        ##  ##    ##  ##       ##     ## ##     ##       ## ##
     ##       #### ##     ## ######## ########  ##     ##  ######  ########

You're about to initialize a Firebase project in this directory:

  C:\Users\Admin\Documents\GitHub\indiandiagnostic

Before we get started, keep in mind:

  * You are initializing within an existing Firebase project directory

[info] 
=== Project Setup
[info] 
[info] First, let's associate this project directory with a Firebase project.
[info] You can create multiple project aliases by running firebase use --add, 
[info] 
[debug] [2026-05-09T11:58:16.845Z] > command requires scopes: ["email","openid","https://www.googleapis.com/auth/cloudplatformprojects.readonly","https://www.googleapis.com/auth/firebase","https://www.googleapis.com/auth/cloud-platform"]
[debug] [2026-05-09T11:58:16.846Z] > authorizing via signed-in user (rajbiosis15@gmail.com)
[debug] [2026-05-09T11:58:16.847Z] Checked if tokens are valid: true, expires at: 1778330978116
[debug] [2026-05-09T11:58:16.847Z] Checked if tokens are valid: true, expires at: 1778330978116
[debug] [2026-05-09T11:58:16.849Z] >>> [apiv2][query] GET https://firebase.googleapis.com/v1beta1/projects/rajbiosis-central [none]
[debug] [2026-05-09T11:58:17.323Z] <<< [apiv2][status] GET https://firebase.googleapis.com/v1beta1/projects/rajbiosis-central 200
[debug] [2026-05-09T11:58:17.323Z] <<< [apiv2][body] GET https://firebase.googleapis.com/v1beta1/projects/rajbiosis-central {"projectId":"rajbiosis-central","projectNumber":"190335913620","displayName":"rajbiosis-central","name":"projects/rajbiosis-central","resources":{"hostingSite":"rajbiosis-central"},"state":"ACTIVE","etag":"1_d9b042a1-314e-4195-aac9-49177d2a8e48"}
[info] i  Using project rajbiosis-central (rajbiosis-central) . 
[info] 
=== Hosting Setup
[info] 
[info] 
=== App Hosting Setup
[debug] [2026-05-09T11:58:48.145Z] Checked if tokens are valid: true, expires at: 1778330978116
[debug] [2026-05-09T11:58:48.145Z] Checked if tokens are valid: true, expires at: 1778330978116
[debug] [2026-05-09T11:58:48.145Z] >>> [apiv2][query] GET https://cloudbilling.googleapis.com/v1/projects/rajbiosis-central/billingInfo [none]
[debug] [2026-05-09T11:58:49.538Z] <<< [apiv2][status] GET https://cloudbilling.googleapis.com/v1/projects/rajbiosis-central/billingInfo 200
[debug] [2026-05-09T11:58:49.538Z] <<< [apiv2][body] GET https://cloudbilling.googleapis.com/v1/projects/rajbiosis-central/billingInfo {"name":"projects/rajbiosis-central/billingInfo","projectId":"rajbiosis-central","billingAccountName":"billingAccounts/01B60A-9833F9-AFC5AE","billingEnabled":true}
[debug] [2026-05-09T11:58:49.541Z] Checked if tokens are valid: true, expires at: 1778330978116
[debug] [2026-05-09T11:58:49.542Z] Checked if tokens are valid: true, expires at: 1778330978116
[debug] [2026-05-09T11:58:49.542Z] >>> [apiv2][query] GET https://serviceusage.googleapis.com/v1/projects/rajbiosis-central/services/firebaseapphosting.googleapis.com [none]
[debug] [2026-05-09T11:58:49.542Z] >>> [apiv2][(partial)header] GET https://serviceusage.googleapis.com/v1/projects/rajbiosis-central/services/firebaseapphosting.googleapis.com  x-goog-user-project=rajbiosis-central
[debug] [2026-05-09T11:58:51.344Z] <<< [apiv2][status] GET https://serviceusage.googleapis.com/v1/projects/rajbiosis-central/services/firebaseapphosting.googleapis.com 200
[debug] [2026-05-09T11:58:51.344Z] <<< [apiv2][body] GET https://serviceusage.googleapis.com/v1/projects/rajbiosis-central/services/firebaseapphosting.googleapis.com [omitted]
[debug] [2026-05-09T11:58:51.351Z] Checked if tokens are valid: true, expires at: 1778330978116
[debug] [2026-05-09T11:58:51.351Z] Checked if tokens are valid: true, expires at: 1778330978116
[debug] [2026-05-09T11:58:51.352Z] Checked if tokens are valid: true, expires at: 1778330978116
[debug] [2026-05-09T11:58:51.352Z] Checked if tokens are valid: true, expires at: 1778330978116
[debug] [2026-05-09T11:58:51.352Z] Checked if tokens are valid: true, expires at: 1778330978116
[debug] [2026-05-09T11:58:51.352Z] Checked if tokens are valid: true, expires at: 1778330978116
[debug] [2026-05-09T11:58:51.353Z] Checked if tokens are valid: true, expires at: 1778330978116
[debug] [2026-05-09T11:58:51.353Z] Checked if tokens are valid: true, expires at: 1778330978116
[debug] [2026-05-09T11:58:51.354Z] Checked if tokens are valid: true, expires at: 1778330978116
[debug] [2026-05-09T11:58:51.354Z] Checked if tokens are valid: true, expires at: 1778330978116
[debug] [2026-05-09T11:58:51.354Z] Checked if tokens are valid: true, expires at: 1778330978116
[debug] [2026-05-09T11:58:51.354Z] Checked if tokens are valid: true, expires at: 1778330978116
[debug] [2026-05-09T11:58:51.354Z] >>> [apiv2][query] GET https://serviceusage.googleapis.com/v1/projects/rajbiosis-central/services/developerconnect.googleapis.com [none]
[debug] [2026-05-09T11:58:51.355Z] >>> [apiv2][(partial)header] GET https://serviceusage.googleapis.com/v1/projects/rajbiosis-central/services/developerconnect.googleapis.com  x-goog-user-project=rajbiosis-central
[debug] [2026-05-09T11:58:51.356Z] >>> [apiv2][query] GET https://serviceusage.googleapis.com/v1/projects/rajbiosis-central/services/cloudbuild.googleapis.com [none]
[debug] [2026-05-09T11:58:51.356Z] >>> [apiv2][(partial)header] GET https://serviceusage.googleapis.com/v1/projects/rajbiosis-central/services/cloudbuild.googleapis.com  x-goog-user-project=rajbiosis-central
[debug] [2026-05-09T11:58:51.358Z] >>> [apiv2][query] GET https://serviceusage.googleapis.com/v1/projects/rajbiosis-central/services/secretmanager.googleapis.com [none]
[debug] [2026-05-09T11:58:51.358Z] >>> [apiv2][(partial)header] GET https://serviceusage.googleapis.com/v1/projects/rajbiosis-central/services/secretmanager.googleapis.com  x-goog-user-project=rajbiosis-central
[debug] [2026-05-09T11:58:51.360Z] >>> [apiv2][query] GET https://serviceusage.googleapis.com/v1/projects/rajbiosis-central/services/run.googleapis.com [none]
[debug] [2026-05-09T11:58:51.360Z] >>> [apiv2][(partial)header] GET https://serviceusage.googleapis.com/v1/projects/rajbiosis-central/services/run.googleapis.com  x-goog-user-project=rajbiosis-central
[debug] [2026-05-09T11:58:51.363Z] >>> [apiv2][query] GET https://serviceusage.googleapis.com/v1/projects/rajbiosis-central/services/artifactregistry.googleapis.com [none]
[debug] [2026-05-09T11:58:51.363Z] >>> [apiv2][(partial)header] GET https://serviceusage.googleapis.com/v1/projects/rajbiosis-central/services/artifactregistry.googleapis.com  x-goog-user-project=rajbiosis-central
[debug] [2026-05-09T11:58:51.365Z] >>> [apiv2][query] GET https://serviceusage.googleapis.com/v1/projects/rajbiosis-central/services/iam.googleapis.com [none]
[debug] [2026-05-09T11:58:51.365Z] >>> [apiv2][(partial)header] GET https://serviceusage.googleapis.com/v1/projects/rajbiosis-central/services/iam.googleapis.com  x-goog-user-project=rajbiosis-central
[debug] [2026-05-09T11:58:53.270Z] <<< [apiv2][status] GET https://serviceusage.googleapis.com/v1/projects/rajbiosis-central/services/secretmanager.googleapis.com 200
[debug] [2026-05-09T11:58:53.270Z] <<< [apiv2][body] GET https://serviceusage.googleapis.com/v1/projects/rajbiosis-central/services/secretmanager.googleapis.com [omitted]
[debug] [2026-05-09T11:58:53.278Z] <<< [apiv2][status] GET https://serviceusage.googleapis.com/v1/projects/rajbiosis-central/services/cloudbuild.googleapis.com 200
[debug] [2026-05-09T11:58:53.278Z] <<< [apiv2][body] GET https://serviceusage.googleapis.com/v1/projects/rajbiosis-central/services/cloudbuild.googleapis.com [omitted]
[debug] [2026-05-09T11:58:53.282Z] <<< [apiv2][status] GET https://serviceusage.googleapis.com/v1/projects/rajbiosis-central/services/run.googleapis.com 200
[debug] [2026-05-09T11:58:53.282Z] <<< [apiv2][body] GET https://serviceusage.googleapis.com/v1/projects/rajbiosis-central/services/run.googleapis.com [omitted]
[debug] [2026-05-09T11:58:53.290Z] <<< [apiv2][status] GET https://serviceusage.googleapis.com/v1/projects/rajbiosis-central/services/iam.googleapis.com 200
[debug] [2026-05-09T11:58:53.290Z] <<< [apiv2][body] GET https://serviceusage.googleapis.com/v1/projects/rajbiosis-central/services/iam.googleapis.com [omitted]
[debug] [2026-05-09T11:58:53.295Z] <<< [apiv2][status] GET https://serviceusage.googleapis.com/v1/projects/rajbiosis-central/services/developerconnect.googleapis.com 200
[debug] [2026-05-09T11:58:53.295Z] <<< [apiv2][body] GET https://serviceusage.googleapis.com/v1/projects/rajbiosis-central/services/developerconnect.googleapis.com [omitted]
[debug] [2026-05-09T11:58:53.301Z] <<< [apiv2][status] GET https://serviceusage.googleapis.com/v1/projects/rajbiosis-central/services/artifactregistry.googleapis.com 200
[debug] [2026-05-09T11:58:53.301Z] <<< [apiv2][body] GET https://serviceusage.googleapis.com/v1/projects/rajbiosis-central/services/artifactregistry.googleapis.com [omitted]
[debug] [2026-05-09T11:58:53.304Z] Checked if tokens are valid: true, expires at: 1778330978116
[debug] [2026-05-09T11:58:53.305Z] Checked if tokens are valid: true, expires at: 1778330978116
[debug] [2026-05-09T11:58:53.305Z] >>> [apiv2][query] POST https://iam.googleapis.com/v1/projects/rajbiosis-central/serviceAccounts/firebase-app-hosting-compute@rajbiosis-central.iam.gserviceaccount.com:testIamPermissions [none]
[debug] [2026-05-09T11:58:53.305Z] >>> [apiv2][(partial)header] POST https://iam.googleapis.com/v1/projects/rajbiosis-central/serviceAccounts/firebase-app-hosting-compute@rajbiosis-central.iam.gserviceaccount.com:testIamPermissions  x-goog-user-project=rajbiosis-central
[debug] [2026-05-09T11:58:53.305Z] >>> [apiv2][body] POST https://iam.googleapis.com/v1/projects/rajbiosis-central/serviceAccounts/firebase-app-hosting-compute@rajbiosis-central.iam.gserviceaccount.com:testIamPermissions {"permissions":["iam.serviceAccounts.actAs"]}
[debug] [2026-05-09T11:58:55.005Z] <<< [apiv2][status] POST https://iam.googleapis.com/v1/projects/rajbiosis-central/serviceAccounts/firebase-app-hosting-compute@rajbiosis-central.iam.gserviceaccount.com:testIamPermissions 200
[debug] [2026-05-09T11:58:55.006Z] <<< [apiv2][body] POST https://iam.googleapis.com/v1/projects/rajbiosis-central/serviceAccounts/firebase-app-hosting-compute@rajbiosis-central.iam.gserviceaccount.com:testIamPermissions {"permissions":["iam.serviceAccounts.actAs"]}
[debug] [2026-05-09T11:58:55.007Z] Checked if tokens are valid: true, expires at: 1778330978116
[debug] [2026-05-09T11:58:55.007Z] Checked if tokens are valid: true, expires at: 1778330978116
[debug] [2026-05-09T11:58:55.008Z] >>> [apiv2][query] POST https://iam.googleapis.com/v1/projects/rajbiosis-central/serviceAccounts [none]
[debug] [2026-05-09T11:58:55.008Z] >>> [apiv2][body] POST https://iam.googleapis.com/v1/projects/rajbiosis-central/serviceAccounts {"accountId":"firebase-app-hosting-compute","serviceAccount":{"displayName":"Firebase App Hosting compute service account","description":"Default service account used to run builds and deploys for Firebase App Hosting"}}
[debug] [2026-05-09T11:58:55.577Z] <<< [apiv2][status] POST https://iam.googleapis.com/v1/projects/rajbiosis-central/serviceAccounts 409
[debug] [2026-05-09T11:58:55.578Z] <<< [apiv2][body] POST https://iam.googleapis.com/v1/projects/rajbiosis-central/serviceAccounts [omitted]
[debug] [2026-05-09T11:58:55.582Z] Checked if tokens are valid: true, expires at: 1778330978116
[debug] [2026-05-09T11:58:55.582Z] Checked if tokens are valid: true, expires at: 1778330978116
[debug] [2026-05-09T11:58:55.582Z] >>> [apiv2][query] POST https://cloudresourcemanager.googleapis.com/v1/projects/rajbiosis-central:getIamPolicy [none]
[debug] [2026-05-09T11:58:57.176Z] <<< [apiv2][status] POST https://cloudresourcemanager.googleapis.com/v1/projects/rajbiosis-central:getIamPolicy 200
[debug] [2026-05-09T11:58:57.176Z] <<< [apiv2][body] POST https://cloudresourcemanager.googleapis.com/v1/projects/rajbiosis-central:getIamPolicy {"version":1,"etag":"BwZRSYkqdzA=","bindings":[{"role":"roles/cloudbuild.builds.builder","members":["serviceAccount:190335913620@cloudbuild.gserviceaccount.com"]},{"role":"roles/cloudbuild.serviceAgent","members":["serviceAccount:service-190335913620@gcp-sa-cloudbuild.iam.gserviceaccount.com"]},{"role":"roles/containerregistry.ServiceAgent","members":["serviceAccount:service-190335913620@containerregistry.iam.gserviceaccount.com"]},{"role":"roles/developerconnect.readTokenAccessor","members":["serviceAccount:firebase-app-hosting-compute@rajbiosis-central.iam.gserviceaccount.com"]},{"role":"roles/editor","members":["serviceAccount:190335913620-compute@developer.gserviceaccount.com"]},{"role":"roles/firebase.managementServiceAgent","members":["serviceAccount:service-190335913620@gcp-sa-firebase.iam.gserviceaccount.com"]},{"role":"roles/firebase.sdkAdminServiceAgent","members":["serviceAccount:firebase-adminsdk-fbsvc@rajbiosis-central.iam.gserviceaccount.com","serviceAccount:firebase-app-hosting-compute@rajbiosis-central.iam.gserviceaccount.com"]},{"role":"roles/firebaseapphosting.computeRunner","members":["serviceAccount:firebase-app-hosting-compute@rajbiosis-central.iam.gserviceaccount.com"]},{"role":"roles/firebaseapphosting.serviceAgent","members":["serviceAccount:service-190335913620@gcp-sa-firebaseapphosting.iam.gserviceaccount.com"]},{"role":"roles/firebaseauth.admin","members":["serviceAccount:firebase-adminsdk-fbsvc@rajbiosis-central.iam.gserviceaccount.com"]},{"role":"roles/firebaserules.system","members":["serviceAccount:service-190335913620@firebase-rules.iam.gserviceaccount.com"]},{"role":"roles/firestore.serviceAgent","members":["serviceAccount:service-190335913620@gcp-sa-firestore.iam.gserviceaccount.com"]},{"role":"roles/iam.serviceAccountTokenCreator","members":["serviceAccount:firebase-adminsdk-fbsvc@rajbiosis-central.iam.gserviceaccount.com"]},{"role":"roles/owner","members":["user:rajbiosis15@gmail.com"]},{"role":"roles/run.serviceAgent","members":["serviceAccount:service-190335913620@serverless-robot-prod.iam.gserviceaccount.com"]},{"role":"roles/storage.objectViewer","members":["serviceAccount:firebase-app-hosting-compute@rajbiosis-central.iam.gserviceaccount.com"]}]}
[debug] [2026-05-09T11:58:57.178Z] Checked if tokens are valid: true, expires at: 1778330978116
[debug] [2026-05-09T11:58:57.178Z] Checked if tokens are valid: true, expires at: 1778330978116
[debug] [2026-05-09T11:58:57.178Z] >>> [apiv2][query] POST https://cloudresourcemanager.googleapis.com/v1/projects/rajbiosis-central:setIamPolicy [none]
[debug] [2026-05-09T11:58:57.179Z] >>> [apiv2][body] POST https://cloudresourcemanager.googleapis.com/v1/projects/rajbiosis-central:setIamPolicy {"policy":{"version":1,"etag":"BwZRSYkqdzA=","bindings":[{"role":"roles/cloudbuild.builds.builder","members":["serviceAccount:190335913620@cloudbuild.gserviceaccount.com"]},{"role":"roles/cloudbuild.serviceAgent","members":["serviceAccount:service-190335913620@gcp-sa-cloudbuild.iam.gserviceaccount.com"]},{"role":"roles/containerregistry.ServiceAgent","members":["serviceAccount:service-190335913620@containerregistry.iam.gserviceaccount.com"]},{"role":"roles/developerconnect.readTokenAccessor","members":["serviceAccount:firebase-app-hosting-compute@rajbiosis-central.iam.gserviceaccount.com"]},{"role":"roles/editor","members":["serviceAccount:190335913620-compute@developer.gserviceaccount.com"]},{"role":"roles/firebase.managementServiceAgent","members":["serviceAccount:service-190335913620@gcp-sa-firebase.iam.gserviceaccount.com"]},{"role":"roles/firebase.sdkAdminServiceAgent","members":["serviceAccount:firebase-adminsdk-fbsvc@rajbiosis-central.iam.gserviceaccount.com","serviceAccount:firebase-app-hosting-compute@rajbiosis-central.iam.gserviceaccount.com"]},{"role":"roles/firebaseapphosting.computeRunner","members":["serviceAccount:firebase-app-hosting-compute@rajbiosis-central.iam.gserviceaccount.com"]},{"role":"roles/firebaseapphosting.serviceAgent","members":["serviceAccount:service-190335913620@gcp-sa-firebaseapphosting.iam.gserviceaccount.com"]},{"role":"roles/firebaseauth.admin","members":["serviceAccount:firebase-adminsdk-fbsvc@rajbiosis-central.iam.gserviceaccount.com"]},{"role":"roles/firebaserules.system","members":["serviceAccount:service-190335913620@firebase-rules.iam.gserviceaccount.com"]},{"role":"roles/firestore.serviceAgent","members":["serviceAccount:service-190335913620@gcp-sa-firestore.iam.gserviceaccount.com"]},{"role":"roles/iam.serviceAccountTokenCreator","members":["serviceAccount:firebase-adminsdk-fbsvc@rajbiosis-central.iam.gserviceaccount.com"]},{"role":"roles/owner","members":["user:rajbiosis15@gmail.com"]},{"role":"roles/run.serviceAgent","members":["serviceAccount:service-190335913620@serverless-robot-prod.iam.gserviceaccount.com"]},{"role":"roles/storage.objectViewer","members":["serviceAccount:firebase-app-hosting-compute@rajbiosis-central.iam.gserviceaccount.com"]}]},"updateMask":"bindings"}
[debug] [2026-05-09T11:58:58.281Z] <<< [apiv2][status] POST https://cloudresourcemanager.googleapis.com/v1/projects/rajbiosis-central:setIamPolicy 200
[debug] [2026-05-09T11:58:58.281Z] <<< [apiv2][body] POST https://cloudresourcemanager.googleapis.com/v1/projects/rajbiosis-central:setIamPolicy {"version":1,"etag":"BwZRYT0osQY=","bindings":[{"role":"roles/cloudbuild.builds.builder","members":["serviceAccount:190335913620@cloudbuild.gserviceaccount.com"]},{"role":"roles/cloudbuild.serviceAgent","members":["serviceAccount:service-190335913620@gcp-sa-cloudbuild.iam.gserviceaccount.com"]},{"role":"roles/containerregistry.ServiceAgent","members":["serviceAccount:service-190335913620@containerregistry.iam.gserviceaccount.com"]},{"role":"roles/developerconnect.readTokenAccessor","members":["serviceAccount:firebase-app-hosting-compute@rajbiosis-central.iam.gserviceaccount.com"]},{"role":"roles/editor","members":["serviceAccount:190335913620-compute@developer.gserviceaccount.com"]},{"role":"roles/firebase.managementServiceAgent","members":["serviceAccount:service-190335913620@gcp-sa-firebase.iam.gserviceaccount.com"]},{"role":"roles/firebase.sdkAdminServiceAgent","members":["serviceAccount:firebase-adminsdk-fbsvc@rajbiosis-central.iam.gserviceaccount.com","serviceAccount:firebase-app-hosting-compute@rajbiosis-central.iam.gserviceaccount.com"]},{"role":"roles/firebaseapphosting.computeRunner","members":["serviceAccount:firebase-app-hosting-compute@rajbiosis-central.iam.gserviceaccount.com"]},{"role":"roles/firebaseapphosting.serviceAgent","members":["serviceAccount:service-190335913620@gcp-sa-firebaseapphosting.iam.gserviceaccount.com"]},{"role":"roles/firebaseauth.admin","members":["serviceAccount:firebase-adminsdk-fbsvc@rajbiosis-central.iam.gserviceaccount.com"]},{"role":"roles/firebaserules.system","members":["serviceAccount:service-190335913620@firebase-rules.iam.gserviceaccount.com"]},{"role":"roles/firestore.serviceAgent","members":["serviceAccount:service-190335913620@gcp-sa-firestore.iam.gserviceaccount.com"]},{"role":"roles/iam.serviceAccountTokenCreator","members":["serviceAccount:firebase-adminsdk-fbsvc@rajbiosis-central.iam.gserviceaccount.com"]},{"role":"roles/owner","members":["user:rajbiosis15@gmail.com"]},{"role":"roles/run.serviceAgent","members":["serviceAccount:service-190335913620@serverless-robot-prod.iam.gserviceaccount.com"]},{"role":"roles/storage.objectViewer","members":["serviceAccount:firebase-app-hosting-compute@rajbiosis-central.iam.gserviceaccount.com"]}]}
[info] i  This command links your local project to Firebase App Hosting. You will be able to deploy your web app with `firebase deploy` after setup. 
[debug] [2026-05-09T12:08:48.142Z] ExitPromptError: User force closed the prompt with SIGINT
    at Interface.sigint (C:\Users\Admin\AppData\Roaming\npm\node_modules\firebase-tools\node_modules\@inquirer\core\dist\commonjs\lib\create-prompt.js:101:37)
    at Interface.emit (node:events:509:28)
    at [_ttyWrite] [as _ttyWrite] (node:internal/readline/interface:1327:18)
    at ReadStream.onkeypress (node:internal/readline/interface:284:20)
    at ReadStream.emit (node:events:521:24)
    at emitKeys (node:internal/readline/utils:371:14)
    at emitKeys.next (<anonymous>)
    at ReadStream.onData (node:internal/readline/emitKeypressEvents:64:36)
    at ReadStream.emit (node:events:509:28)
    at addChunk (node:internal/streams/readable:563:12)
[error] 
[error] Error: An unexpected error has occurred.
